// Jest Snapshot v1, https://goo.gl/fbAQLP

exports[`should render text "loading..." 1`] = `
<p
  className="loader"
>
  loading...
</p>
`;
