// Jest Snapshot v1, https://goo.gl/fbAQLP

exports[`should render footer 1`] = `
<footer
  className="footer"
>
  <p>
    Written for learning
  </p>
</footer>
`;
