// Jest Snapshot v1, https://goo.gl/fbAQLP

exports[`should render "Home" link 1`] = `
<nav>
  <a
    aria-current="page"
    className="navigation__link active"
    href="#/"
    onClick={[Function]}
  >
    Home
  </a>
</nav>
`;
